ACCOUNT
AFRAID
AVERSION
CEASELESS
CONTRADICTORY
CONTRARY
COUNTERACT
COUNTERACTION
DISADVANTAGE
DISADVANTAGEOUS
DISAGREEABLE
DISAGREEMENT
DISAPPROVE
DISAVOW
DISAVOWAL
DISBELIEF
DISCOMFORT
DISCONTENT
DISCONTINUE
DISCOUNT
DISCOURAGE
DISLIKE
DISORDER
DISORGANIZED
DISPLEASURE
DISPROVE
DISPUTE
DISSIMILAR
IMPATIENCE
IMPLAUSIBILITY
IMPLAUSIBLE
IMPOSSIBILITY
IMPOSSIBLE
IMPROBABILITY
IMPROBABLE
INABILITY
INACCESSIBLE
INADEQUATE
INCALCULABLE
INCAPABLE
INCOMPATIBILITY
INCOMPATIBLE
INCOMPLETE
INCONCEIVABLE
INCONTESTABILITY
INCONTESTABLE
INCORRECT
INCREDIBILITY
INCREDIBLE
INDECISION
INDECISIVE
INDECISIVENESS
INDEFINITE
INDESCRIBABLE
INDIFFERENT
INDIRECT
INDISPUTABLE
INDISTINCT
INDISTINGUISHABLE
INEXACT
INEXPENSIVE
INEXPLICABLE
INFALLIBLE
INFORMAL
INFREQUENT
INNUMERABLE
INSECURE
INSECURITY
INSEPARABLE
INSIGNIFICANT
INSTABILITY
INSTABLE
INSUFFICIENT
INTANGIBLE
INVARIABLE
INVARIABLY
INVINCIBLE
INVISIBLE
INVOLUNTARY
INVULNERABLE
IRREFUTABLE
IRREGULAR
IRREGULARITY
IRRESISTIBLE
IRRESPONSIBLE
LEAST
LULL
MATCHLESS
MEAN
NEGATE
NEGATION
NEITHER
NEVER
NO
NOBODY
NOISELESS
NON
NONE
NONSPECIFIC
NOR
NOT
NOTHING
NULLIFICATION
NULLIFY
OPPOSITE
RATHER
SANS
SLEEPLESS
UNABLE
UNASSURED
UNAUTHENTIC
UNAVOIDABLE
UNAWARE
UNBELIEVABLE
UNBOUND
UNBROKEN
UNCERTAIN
UNCERTAINTY
UNCHANGED
UNCHECKED
UNCLEAR
UNCOMFORTABLE
UNCOMMON
UNCONDITIONAL
UNCONSCIOUS
UNCONTESTED
UNDAUNTED
UNDECIDED
UNDEFINED
UNDENIABLE
UNDEPENDABILITY
UNDEPENDABLE
UNDETERMINED
UNDID
UNDISPUTED
UNDO
UNDONE
UNDOUBTED
UNDOUBTEDLY
UNDUE
UNEASY
UNEMPLOYMENT
UNEQUAL
UNEQUIVOCAL
UNEVEN
UNEXPECTED
UNFAILING
UNFAIR
UNFAVORABLE
UNFINISHED
UNFIT
UNFORGETTABLE
UNFORTUNATE
UNHAPPY
UNHURRIED
UNIMPEACHABLE
UNIMPORTANT
UNJUST
UNJUSTIFIED
UNKNOWN
UNLEASH
UNLIKE
UNLIKELIHOOD
UNLIKELY
UNLIMITED
UNLUCKY
UNMISTAKABLE
UNMITIGATED
UNNECESSARY
UNPLEASANT
UNPRECEDENTED
UNPREDICTABLE
UNPREPARED
UNQUALIFIED
UNQUESTIONABLE
UNQUESTIONED
UNREAL
UNREALISTIC
UNRELIABILITY
UNRELIABLE
UNRESTRICTED
UNSATISFACTORY
UNSELFISH
UNSOUND
UNSOUNDNESS
UNSPECIFIED
UNSTABLE
UNSTEADINESS
UNSTEADY
UNSUCCESSFUL
UNSURE
UNSURENESS
UNTOLD
UNTOUCHED
UNTRUE
UNTRUSTWORTHY
UNUSUAL
UNWAVERING
UNWILLING
UNWILLINGNESS
UNWISE
VICE