ABOMINABLE
ABOVE
ABSOLUTE
ABSURD
ABUNDANCE
ABUNDANT
ACCENTUATE
ACCOUNT
ACCURACY
ACCURATE
ACCURATENESS
ACKNOWLEDGEMENT
ACTIVE
ACTUAL
ACUTE
ADDICTION
ADMIT
AFTER
AGAIN
AGHAST
ALARMING
ALAS
ALIGHT
ALL
ALMOST
ALONE
ALTOGETHER
ALWAYS
AMAZE
AMAZING
ANARCHY
ANTI-SOCIAL
ANY
ANYBODY
ANYONE
ANYTHING
ANYWHERE
APPRECIABLE
APPROPRIATE
APT
ARREST
ASCERTAIN
ASCERTAINMENT
ASSURANCE
ASSURE
ASSUREDLY
ASSUREDNESS
ASTONISH
ASTOUND
ASTRONOMICAL
ATROCIOUS
AUDACIOUS
AUDACITY
AUTHENTIC
AUTHENTICITY
AUTHORITATIVE
AVID
AWAY
AWFUL
BAD
BADLY
BASIC
BASIS
BILLION
BLATANT
BLURT
BOARD
BRILLIANT
BRUTALITY
BULK
CAPITAL
CAPTIVATION
CATASTROPHE
CELEBRITY
CENSOR
CENSORSHIP
CERTAIN
CERTAINTY
CERTIFICATION
CERTIFY
CHAOS
CHAOTIC
CHIEF
CHRONIC
CIRCLE
CLARITY
CLEAR
CLIQUE
COGENT
COGNIZANCE
COGNIZANT
COHERENT
COHESION
COHORT
COLOSSAL
COMMISSION
COMMODIOUS
COMMON
COMMONPLACE
COMMOTION
COMPLETE
COMPLETENESS
COMPLEX
COMPLEXITY
COMPREHENSIVE
CONCLUSIVE
CONFIDE
CONFIDENCE
CONFIDENT
CONFIRM
CONFIRMATION
CONSEQUENCE
CONSEQUENT
CONSIDERABLE
CONSPICUOUS
CONSTANT
CONTINUAL
CONTINUOUS
CONTRADICTORY
CORRECT
COUNTLESS
COURSE
CRITICAL
CRUCIAL
CRUDE
CUSTOM
CYNICISM
DAILY
DANGER
DANGEROUS
DASH
DEBATABLE
DECADENCE
DECADENT
DECIDE
DECISIVE
DEEP
DEFINITE
DEGENERATE
DELICACY
DELIRIUM
DELUGE
DEPENDABILITY
DEPENDABLE
DESERTION
DETACHMENT
DETERMINATION
DETERMINE
DIRECT
DISTINCT
DISTRACTING
DISTRACTION
DIVERSION
DO
DOMINANT
DOUBT
DOUBTLESS
DREADFUL
DUE
EACH
EARTH
ECCENTRIC
ECCENTRICITY
EFFECT
EITHER
ELSE
EMINENCE
EMPHASIS
EMPHASIZE
EMPHATIC
ENDURANCE
ENDURE
ENGULF
ENHANCEMENT
ENORMOUS
ENOUGH
ENSURE
ENTIRE
ERA
ESPECIALLY
ESSENCE
ESSENTIAL
ESTABLISH
ESTABLISHMENT
ETC
ETERNAL
EVEN
EVENTUAL
EVER
EVERY
EVERYBODY
EVERYONE
EVERYTHING
EVERYWHERE
EVIDENT
EXACT
EXAGGERATE
EXAGGERATION
EXCEED
EXCEPTIONAL
EXCESS
EXCESSIVE
EXCLAMATION
EXCLUSIVE
EXEMPT
EXTENSIVE
EXTRA
EXTRAORDINARY
EXTRAVAGANCE
EXTRAVAGANT
EXTREME
EXUBERANCE
EXUBERANT
FACT
FAME
FANCY
FANTASTIC
FAR
FASCINATE
FAST
FEASIBLE
FEATURE
FEW
FIASCO
FINAL
FLAGRANT
FLASHY
FLAUNT
FOCAL
FOREMOST
FOREVER
FRANTICALLY
FRAUGHT
FREQUENT
FULL
FUNDAMENTAL
FURIOUS
FURTHERMORE
FURY
FUSSY
GAUDY
GENERAL
GENUINE
GHASTLY
GIANT
GIGANTIC
GLORIOUS
GOOD
GRAND
GRANDEUR
GRATUITOUS
GRAVE
GREAT
GROSS
GROTESQUE
HAVOC
HECTIC
HERITAGE
HERO
HEROIC
HEROINE
HIDEOUS
HIGH
HIGHLIGHT
HOPELESS
HUGE
HUNDRED
HUSTLE
IDEAL
ILLUMINATE
ILLUSTRIOUS
IMMACULATE
IMMEDIACY
IMMEDIATE
IMMENSE
IMMORTAL
IMPORTANCE
IMPORTANT
IMPRECISION
IMPRESSIVE
INCESSANT
INCONCEIVABLE
INCONSISTENCY
INCONTESTABILITY
INCONTESTABLE
INCREDIBILITY
INCREDIBLE
INDEED
INDETERMINABLE
INDETERMINATE
INDISPENSABLE
INDISPUTABLE
INDIVIDUALITY
INDULGENCE
INEVITABILITY
INEVITABLE
INFALLIBLE
INFINITE
INNUMERABLE
INSTANT
INSTANTLY
INTENSE
INTENSITY
INTENSIVE
INTRICATE
INVARIABLE
INVARIABLY
IRREFUTABLE
JUST
JUSTIFIABLY
JUSTIFICATION
JUSTIFY
LARGE
LAST
LEAD
LEAST
LENGTH
LENGTHY
LIKELIHOOD
LIKELINESS
LIKELY
LIMITLESS
LITERALLY
LOAD
LUCID
LUMINOUS
MAD
MAGNIFICENCE
MAGNIFICENT
MAGNIFY
MAGNITUDE
MAIN
MAJESTIC
MAJOR
MAJORITY
MANAGEABLE
MANSION
MANY
MARK
MARVEL
MASS
MATCHLESS
MATTER
MAXIMIZATION
MEAN
MIGHT
MIGHTY
MILLION
MILLIONTH
MOMENTOUS
MONSTROUS
MONUMENTAL
MOREOVER
MOST
NATURAL
NAVIGABLE
NECESSARY
NECESSITATE
NECESSITY
NORMAL
NOTABLE
NOTORIETY
NOTORIOUS
NOVELTY
NUMEROUS
OBVIOUS
OFTEN
ONCE
ORDINARY
ORIGINALITY
ORPHAN
OSTRACIZE
OUTCAST
OUTRIGHT
OVER
OVERALL
OVERLY
OVERWHELM
PARAMOUNT
PART
PARTICULAR
PATENT
PEERLESS
PERFECT
PERFECTION
PERFECTIONISM
PERFECTIONIST
PERPETUAL
PERPETUATE
PLAIN
PLENTIFUL
PLENTY
PLUS
POIGNANT
POINT
POSITIVE
POSSIBILITY
POSSIBLE
PRACTICAL
PRECISE
PRECISION
PREDICTABLE
PREDOMINANT
PREDOMINATE
PRESENT
PRESUMABLY
PRICELESS
PRIMARILY
PRIMARY
PRINCIPAL
PRIVACY
PRIVILEGED
PRIVY
PROBABILITY
PROBABLE
PRODIGIOUS
PROHIBITIVE
PROMINENCE
PROMPT
PROMPTLY
PROOF
PROPRIETARY
PROSPECT
PROVE
PUNCTUAL
PURE
PURELY
PURPOSE
QUEER
QUICK
QUITE
RAPID
RARE
RATHER
READILY
REAL
REALISTICALLY
REBELLIOUS
REGULAR
RELEVANCY
RELIABILITY
RELIABLE
RELY
REMARKABLE
REMARKABLY
RIDICULOUS
RIGHT
ROBUST
RUN
SAGA
SAY
SCRUTINY
SECURE
SECURITY
SELDOM
SENSATIONAL
SEVERE
SHARP
SHEER
SHOCK
SHORT
SHUN
SIGNIFICANCE
SIGNIFICANT
SIMPLE
SIMPLICITY
SINCE
SIZABLE
SO
SOLACE
SOLE
SOON
SOUND
SPECTACULAR
SPEECHLESS
SPEED
SPEEDILY
SPEEDY
SPITE
SPLENDID
STABILITY
STABILIZE
STANDARDIZE
STAR
STARK
STEADFAST
STEADFASTNESS
STILL
STRAIGHT
STRICT
STRIKE
STRONG
SUBSTANTIAL
SUCH
SUDDEN
SUPERFLUOUS
SUPERLATIVE
SUPREME
SURE
SURPRISE
SWIFT
SWIFTNESS
TERRIBLE
THEREBY
THEREFORE
THOROUGH
THOUSAND
THUS
TOO
TORRENT
TOTAL
TOWERING
TRAITOR
TREMENDOUS
TRILLION
TRUE
TRUTH
TRUTHFUL
ULTIMATE
UNANIMOUS
UNAVOIDABLE
UNBELIEVABLE
UNCOMMON
UNCONDITIONAL
UNCONTESTED
UNDENIABLE
UNDISPUTED
UNDOUBTED
UNDOUBTEDLY
UNEQUIVOCAL
UNFAILING
UNHURRIED
UNIQUE
UNIVERSAL
UNLIMITED
UNMISTAKABLE
UNMITIGATED
UNPRECEDENTED
UNQUESTIONABLE
UNQUESTIONED
UNRESTRICTED
UNTOLD
UNUSUAL
UNWAVERING
UPPERMOST
URGENT
USUAL
UTMOST
UTTER
UTTERLY
UTTERMOST
VALID
VALIDITY
VAST
VASTNESS
VERIFICATION
VERIFY
VERY
VILE
VIRTUAL
VITAL
WEALTH
WEE
WHAT
WHATEVER
WHATSOEVER
WHEREVER
WHOEVER
WHOLE
WIDESPREAD
WILD
WONDER
WONDERFUL
WORST
WORTH
YET
