ABOUT
ACCIDENT
ACCIDENTAL
ACCUSTOM
ADEQUATE
ALL
ALLEGE
ALOOF
AMBIGUITY
AMBIGUOUS
ANOMALY
ANTIPATHY
ANYHOW
ANYWAY
APART
APATHETIC
APATHY
APPARENT
APPEAR
APPROXIMATE
APPROXIMATELY
ARBITRARY
ASIDE
AUTONOMOUS
AWHILE
BAFFLE
BAFFLEMENT
BARELY
BEWARE
BEWILDER
BEWILDERMENT
BIT
BLUR
BRIEF
BRUSQUE
BUNGLE
BUT
CALAMITY
CALMNESS
CARE
CAREFUL
CASUAL
CAUTION
CAUTIOUS
CHANCE
CHANGEABLE
COINCIDENCE
COMPARATIVE
COMPARATIVELY
CONCEIVABLE
CONFOUND
CONFUSE
CONFUSION
CONTINGENT
CONTROVERSIAL
CURSORY
CUSTOMARY
DAZE
DESPITE
DILEMMA
DIM
DISBELIEF
DISCONCERTED
DISMAY
DISPUTABLE
DOUBT
DOUBTFUL
DUBIOUS
EQUIVOCAL
EVENT
EVERYDAY
EVIDENTLY
FAINT
FAIR
FALTER
FEEBLE
FEW
FORTUNATE
GAMBLE
GINGERLY
GRADUAL
HAND
HANDFUL
HARD
HAZINESS
HEED
HESITANT
HESITATE
HESITATION
IMPOSSIBILITY
IMPOSSIBLE
IMPROBABILITY
IMPROBABLE
INCALCULABLE
INCORRECT
INDECISION
INDECISIVE
INDECISIVENESS
INDEFINITE
INDIRECT
INDISTINCT
INDISTINGUISHABLE
INEXACT
INFREQUENT
INSECURE
INSECURITY
INSIGNIFICANT
INTERIM
IRONIC
IRONY
KIND
KNOWN
LARGE
LAUGH
LEAST
LESS
LIGHT
LIMIT
LITTLE
LUCK
LUCKILY
MATTER
MAYBE
MEAGER
MENTION
MERE
MINIMAL
MINIMIZE
MINIMUM
MINOR
MISINFORM
MISINFORMED
MISREPRESENT
MISTAKEN
MISTRUST
MISUNDERSTANDING
MODERATE
MODERATION
MODESTY
MOMENT
MOMENTARY
MUDDY
MUMBLE
MURKY
NEAR
NEBULOUS
NEGLIGIBLE
NEVER
NO
NOBODY
NOMINAL
NOTHING
NOWHERE
NUMBER
OBLIQUE
OBSCURE
OCCASION
OCCASIONAL
ONLY
OPINION
OUTLINE
PARANOID
PART
PARTIAL
PARTICLE
PERHAPS
PERMANENT
PERPLEX
POINTLESS
PRECARIOUS
PRETTY
PUNY
PUZZLE
PUZZLEMENT
QUALIFICATION
QUALIFY
QUANDARY
QUESTION
QUESTIONABLE
RARE
RATHER
REGARDLESS
RELATIVE
RESERVATION
RESERVE
ROUGH
ROUNDABOUT
RULE
SAVE
SCANT
SCARCE
SCARCELY
SECONDARY
SEEM
SELECTIVE
SEVERAL
SHADY
SHORT
SIMPLE
SINGLE
SKETCHY
SLIGHT
SLOW
SMALL
SNACK
SOME
SOMEBODY
SOMEHOW
SOMEONE
SOMETHING
SOMETIME
SOMEWHAT
SOMEWHERE
SORT
SPEAK
SPECULATE
SPECULATION
SPECULATIVE
SUGGEST
SUGGESTION
SUPERFICIAL
SUPPOSE
SUSPICION
SUSPICIOUS
TEMPERANCE
TEMPERATE
TEND
TENDENCY
TIME
TINY
TOUCH
TRIFLE
TRIVIAL
UNCERTAIN
UNCERTAINTY
UNCLEAR
UNDECIDED
UNDEFINED
UNDEPENDABILITY
UNDEPENDABLE
UNDETERMINED
UNFAVORABLE
UNFORTUNATE
UNIMPORTANT
UNLIKELIHOOD
UNLIKELY
UNLUCKY
UNMOVED
UNNECESSARY
UNPLEASANT
UNPREDICTABLE
UNRELIABILITY
UNRELIABLE
UNSATISFACTORY
UNSOUND
UNSOUNDNESS
UNSPECIFIED
UNSURE
UNSURENESS
UNTRUE
USUAL
VACILLATE
VAGUE
VAGUENESS
VEXATION
VEXING
WAY
WEAK
WEAKLY
WEAKNESS
WELL
WHISPER
WONDROUS
WORD
WORTHLESS